// Jest Snapshot v1, https://goo.gl/fbAQLP

exports[`disable nft on searchbar dropdown should not render popular nft collections 1`] = `
<div>
  <div
    class="reset_base__1klryar0 sprinkles_display_flex_sm__rgw6ez45j sprinkles_flexDirection_column_sm__rgw6ez47v sprinkles_overflow_hidden_default__rgw6ez8c9 SearchBar_searchBarDropdownNft__1fbf9szd SearchBar_baseSearchNftStyle__1fbf9sz2 SearchBar_baseSearchStyle__1fbf9sz1 SearchBar__1fbf9sz0 sprinkles_paddingTop_12_sm__rgw6ez2pj sprinkles_paddingBottom_12_sm__rgw6ez291 sprinkles_width_viewWidth_sm__rgw6ez18d sprinkles_borderStyle_solid_default__rgw6ez80h sprinkles_borderWidth_1px_default__rgw6ez89x sprinkles_borderColor_surface3_default__rgw6ez567 SearchBar__1fbf9szc sprinkles_borderBottomLeftRadius_12_default__rgw6ez86d sprinkles_borderBottomRightRadius_12_default__rgw6ez87x sprinkles_height_viewHeight_sm__rgw6ez1f7 sprinkles_height_auto_md__rgw6ez1fk sprinkles_backgroundColor_surface1_default__rgw6ez6sj SearchBar__1fbf9sze sprinkles_overflowY_auto_default__rgw6ez8dt"
  >
    <div
      class="reset_base__1klryar0 sprinkles_opacity_1_sm__rgw6ez4bv sprinkles_transition_125_default__rgw6ez8ep"
    >
      <div
        class="reset_base__1klryar0 sprinkles_display_flex_sm__rgw6ez45j sprinkles_flexDirection_column_sm__rgw6ez47v sprinkles_gap_20_sm__rgw6ez3uv"
      >
        <div
          class="reset_base__1klryar0 sprinkles_display_flex_sm__rgw6ez45j sprinkles_flexDirection_column_sm__rgw6ez47v sprinkles_gap_4_sm__rgw6ez3tj"
          data-cy="searchbar-dropdown"
        >
          <div
            class="reset_base__1klryar0 sprinkles_paddingLeft_16_sm__rgw6ez2ev sprinkles_paddingRight_16_sm__rgw6ez2kd sprinkles_paddingTop_4_sm__rgw6ez2ov sprinkles_paddingBottom_4_sm__rgw6ez28d sprinkles_display_flex_sm__rgw6ez45j sprinkles_flexDirection_row_sm__rgw6ez47p sprinkles_alignItems_center_sm__rgw6ez41 sprinkles_gap_8_sm__rgw6ez3tv sprinkles_color_neutral2_default__rgw6ez4c7 common__127l8hd4 sprinkles_fontWeight_book_sm__rgw6ezdd sprinkles_fontSize_14_sm__rgw6ezbd sprinkles_lineHeight_14_sm__rgw6ezej"
            style="line-height: 20px;"
          >
            <svg
              fill="none"
              height="20"
              viewBox="0 0 20 20"
              width="20"
              xmlns="http://www.w3.org/2000/svg"
            >
              <path
                d="M17.5 5.8335H18.25C18.25 5.41928 17.9142 5.0835 17.5 5.0835V5.8335ZM11.0227 12.4307L10.4876 12.9562C10.6286 13.0998 10.8214 13.1807 11.0227 13.1807C11.224 13.1807 11.4169 13.0998 11.5579 12.9562L11.0227 12.4307ZM7.61364 8.9585L8.14881 8.43305C8.00778 8.28941 7.81493 8.2085 7.61364 8.2085C7.41234 8.2085 7.21949 8.28941 7.07846 8.43305L7.61364 8.9585ZM1.96483 13.6414C1.67463 13.937 1.67899 14.4118 1.97456 14.702C2.27013 14.9922 2.74498 14.9878 3.03517 14.6923L1.96483 13.6414ZM13.4091 5.0835C12.9949 5.0835 12.6591 5.41928 12.6591 5.8335C12.6591 6.24771 12.9949 6.5835 13.4091 6.5835V5.0835ZM16.75 10.0002C16.75 10.4144 17.0858 10.7502 17.5 10.7502C17.9142 10.7502 18.25 10.4144 18.25 10.0002H16.75ZM16.9648 5.30805L10.4876 11.9053L11.5579 12.9562L18.0352 6.35894L16.9648 5.30805ZM11.5579 11.9053L8.14881 8.43305L7.07846 9.48394L10.4876 12.9562L11.5579 11.9053ZM7.07846 8.43305L1.96483 13.6414L3.03517 14.6923L8.14881 9.48394L7.07846 8.43305ZM13.4091 6.5835H17.5V5.0835H13.4091V6.5835ZM16.75 5.8335V10.0002H18.25V5.8335H16.75Z"
                fill="var(--color-neutral2__rgw6ez1)"
              />
            </svg>
            <div
              class="reset_base__1klryar0"
            >
              Popular tokens
            </div>
          </div>
          <div
            class="reset_base__1klryar0 sprinkles_display_flex_sm__rgw6ez45j sprinkles_flexDirection_column_sm__rgw6ez47v sprinkles_gap_4_sm__rgw6ez3tj"
          >
            <div
              class="reset_base__1klryar0 sprinkles_display_flex_sm__rgw6ez45j sprinkles_flexDirection_row_sm__rgw6ez47p sprinkles_alignItems_center_sm__rgw6ez41 SearchBar_suggestionRow__1fbf9szg SearchBar__1fbf9szf sprinkles_paddingLeft_16_sm__rgw6ez2ev sprinkles_paddingRight_16_sm__rgw6ez2kd sprinkles_paddingTop_8_sm__rgw6ez2p7 sprinkles_paddingBottom_8_sm__rgw6ez28p sprinkles_display_flex_sm__rgw6ez45j sprinkles_flexDirection_row_sm__rgw6ez47p sprinkles_alignItems_center_sm__rgw6ez41 sprinkles_justifyContent_space-between_sm__rgw6ez497 sprinkles_cursor_pointer_default__rgw6ez805"
            >
              <div
                class="reset_base__1klryar0 sprinkles_display_flex_sm__rgw6ez45j sprinkles_flexDirection_row_sm__rgw6ez47p sprinkles_alignItems_center_sm__rgw6ez41 sprinkles_width_full_sm__rgw6ez17j"
              >
                <div
                  class="reset_base__1klryar0 SearchBar_imageHolder__1fbf9szq SearchBar__1fbf9szh sprinkles_width_36_sm__rgw6ez13v sprinkles_height_36_sm__rgw6ez1av sprinkles_borderRadius_round_default__rgw6ez82p sprinkles_marginRight_8_sm__rgw6ezrp SearchBar__1fbf9szp sprinkles_background_surface2_default__rgw6ez4rd sprinkles_flexShrink_0_sm__rgw6ez3yj"
                />
                <div
                  class="reset_base__1klryar0 sprinkles_display_flex_sm__rgw6ez45j sprinkles_flexDirection_column_sm__rgw6ez47v sprinkles_gap_4_sm__rgw6ez3tj sprinkles_width_full_sm__rgw6ez17j"
                >
                  <div
                    class="reset_base__1klryar0 sprinkles_display_flex_sm__rgw6ez45j sprinkles_flexDirection_row_sm__rgw6ez47p sprinkles_alignItems_center_sm__rgw6ez41 sprinkles_justifyContent_space-between_sm__rgw6ez497"
                  >
                    <div
                      class="reset_base__1klryar0 sprinkles_borderRadius_round_default__rgw6ez82p sprinkles_height_20_sm__rgw6ez1a1 sprinkles_background_surface2_default__rgw6ez4rd"
                      style="width: 180px;"
                    />
                    <div
                      class="reset_base__1klryar0 sprinkles_borderRadius_round_default__rgw6ez82p sprinkles_height_20_sm__rgw6ez1a1 sprinkles_width_48_sm__rgw6ez14j sprinkles_background_surface2_default__rgw6ez4rd"
                    />
                  </div>
                  <div
                    class="reset_base__1klryar0 sprinkles_display_flex_sm__rgw6ez45j sprinkles_flexDirection_row_sm__rgw6ez47p sprinkles_alignItems_center_sm__rgw6ez41 sprinkles_justifyContent_space-between_sm__rgw6ez497"
                  >
                    <div
                      class="reset_base__1klryar0 sprinkles_borderRadius_round_default__rgw6ez82p sprinkles_height_16_sm__rgw6ez19p sprinkles_width_120_sm__rgw6ez167 sprinkles_background_surface2_default__rgw6ez4rd"
                    />
                    <div
                      class="reset_base__1klryar0 sprinkles_borderRadius_round_default__rgw6ez82p sprinkles_height_16_sm__rgw6ez19p sprinkles_width_48_sm__rgw6ez14j sprinkles_background_surface2_default__rgw6ez4rd"
                    />
                  </div>
                </div>
              </div>
            </div>
            <div
              class="reset_base__1klryar0 sprinkles_display_flex_sm__rgw6ez45j sprinkles_flexDirection_row_sm__rgw6ez47p sprinkles_alignItems_center_sm__rgw6ez41 SearchBar_suggestionRow__1fbf9szg SearchBar__1fbf9szf sprinkles_paddingLeft_16_sm__rgw6ez2ev sprinkles_paddingRight_16_sm__rgw6ez2kd sprinkles_paddingTop_8_sm__rgw6ez2p7 sprinkles_paddingBottom_8_sm__rgw6ez28p sprinkles_display_flex_sm__rgw6ez45j sprinkles_flexDirection_row_sm__rgw6ez47p sprinkles_alignItems_center_sm__rgw6ez41 sprinkles_justifyContent_space-between_sm__rgw6ez497 sprinkles_cursor_pointer_default__rgw6ez805"
            >
              <div
                class="reset_base__1klryar0 sprinkles_display_flex_sm__rgw6ez45j sprinkles_flexDirection_row_sm__rgw6ez47p sprinkles_alignItems_center_sm__rgw6ez41 sprinkles_width_full_sm__rgw6ez17j"
              >
                <div
                  class="reset_base__1klryar0 SearchBar_imageHolder__1fbf9szq SearchBar__1fbf9szh sprinkles_width_36_sm__rgw6ez13v sprinkles_height_36_sm__rgw6ez1av sprinkles_borderRadius_round_default__rgw6ez82p sprinkles_marginRight_8_sm__rgw6ezrp SearchBar__1fbf9szp sprinkles_background_surface2_default__rgw6ez4rd sprinkles_flexShrink_0_sm__rgw6ez3yj"
                />
                <div
                  class="reset_base__1klryar0 sprinkles_display_flex_sm__rgw6ez45j sprinkles_flexDirection_column_sm__rgw6ez47v sprinkles_gap_4_sm__rgw6ez3tj sprinkles_width_full_sm__rgw6ez17j"
                >
                  <div
                    class="reset_base__1klryar0 sprinkles_display_flex_sm__rgw6ez45j sprinkles_flexDirection_row_sm__rgw6ez47p sprinkles_alignItems_center_sm__rgw6ez41 sprinkles_justifyContent_space-between_sm__rgw6ez497"
                  >
                    <div
                      class="reset_base__1klryar0 sprinkles_borderRadius_round_default__rgw6ez82p sprinkles_height_20_sm__rgw6ez1a1 sprinkles_background_surface2_default__rgw6ez4rd"
                      style="width: 180px;"
                    />
                    <div
                      class="reset_base__1klryar0 sprinkles_borderRadius_round_default__rgw6ez82p sprinkles_height_20_sm__rgw6ez1a1 sprinkles_width_48_sm__rgw6ez14j sprinkles_background_surface2_default__rgw6ez4rd"
                    />
                  </div>
                  <div
                    class="reset_base__1klryar0 sprinkles_display_flex_sm__rgw6ez45j sprinkles_flexDirection_row_sm__rgw6ez47p sprinkles_alignItems_center_sm__rgw6ez41 sprinkles_justifyContent_space-between_sm__rgw6ez497"
                  >
                    <div
                      class="reset_base__1klryar0 sprinkles_borderRadius_round_default__rgw6ez82p sprinkles_height_16_sm__rgw6ez19p sprinkles_width_120_sm__rgw6ez167 sprinkles_background_surface2_default__rgw6ez4rd"
                    />
                    <div
                      class="reset_base__1klryar0 sprinkles_borderRadius_round_default__rgw6ez82p sprinkles_height_16_sm__rgw6ez19p sprinkles_width_48_sm__rgw6ez14j sprinkles_background_surface2_default__rgw6ez4rd"
                    />
                  </div>
                </div>
              </div>
            </div>
          </div>
        </div>
      </div>
    </div>
  </div>
</div>
`;

exports[`disable nft on searchbar dropdown should render popular nft collections 1`] = `
<div>
  <div
    class="reset_base__1klryar0 sprinkles_display_flex_sm__rgw6ez45j sprinkles_flexDirection_column_sm__rgw6ez47v sprinkles_overflow_hidden_default__rgw6ez8c9 SearchBar_searchBarDropdownNft__1fbf9szd SearchBar_baseSearchNftStyle__1fbf9sz2 SearchBar_baseSearchStyle__1fbf9sz1 SearchBar__1fbf9sz0 sprinkles_paddingTop_12_sm__rgw6ez2pj sprinkles_paddingBottom_12_sm__rgw6ez291 sprinkles_width_viewWidth_sm__rgw6ez18d sprinkles_borderStyle_solid_default__rgw6ez80h sprinkles_borderWidth_1px_default__rgw6ez89x sprinkles_borderColor_surface3_default__rgw6ez567 SearchBar__1fbf9szc sprinkles_borderBottomLeftRadius_12_default__rgw6ez86d sprinkles_borderBottomRightRadius_12_default__rgw6ez87x sprinkles_height_viewHeight_sm__rgw6ez1f7 sprinkles_height_auto_md__rgw6ez1fk sprinkles_backgroundColor_surface1_default__rgw6ez6sj SearchBar__1fbf9sze sprinkles_overflowY_auto_default__rgw6ez8dt"
  >
    <div
      class="reset_base__1klryar0 sprinkles_opacity_1_sm__rgw6ez4bv sprinkles_transition_125_default__rgw6ez8ep"
    >
      <div
        class="reset_base__1klryar0 sprinkles_display_flex_sm__rgw6ez45j sprinkles_flexDirection_column_sm__rgw6ez47v sprinkles_gap_20_sm__rgw6ez3uv"
      >
        <div
          class="reset_base__1klryar0 sprinkles_display_flex_sm__rgw6ez45j sprinkles_flexDirection_column_sm__rgw6ez47v sprinkles_gap_4_sm__rgw6ez3tj"
          data-cy="searchbar-dropdown"
        >
          <div
            class="reset_base__1klryar0 sprinkles_paddingLeft_16_sm__rgw6ez2ev sprinkles_paddingRight_16_sm__rgw6ez2kd sprinkles_paddingTop_4_sm__rgw6ez2ov sprinkles_paddingBottom_4_sm__rgw6ez28d sprinkles_display_flex_sm__rgw6ez45j sprinkles_flexDirection_row_sm__rgw6ez47p sprinkles_alignItems_center_sm__rgw6ez41 sprinkles_gap_8_sm__rgw6ez3tv sprinkles_color_neutral2_default__rgw6ez4c7 common__127l8hd4 sprinkles_fontWeight_book_sm__rgw6ezdd sprinkles_fontSize_14_sm__rgw6ezbd sprinkles_lineHeight_14_sm__rgw6ezej"
            style="line-height: 20px;"
          >
            <svg
              fill="none"
              height="20"
              viewBox="0 0 20 20"
              width="20"
              xmlns="http://www.w3.org/2000/svg"
            >
              <path
                d="M17.5 5.8335H18.25C18.25 5.41928 17.9142 5.0835 17.5 5.0835V5.8335ZM11.0227 12.4307L10.4876 12.9562C10.6286 13.0998 10.8214 13.1807 11.0227 13.1807C11.224 13.1807 11.4169 13.0998 11.5579 12.9562L11.0227 12.4307ZM7.61364 8.9585L8.14881 8.43305C8.00778 8.28941 7.81493 8.2085 7.61364 8.2085C7.41234 8.2085 7.21949 8.28941 7.07846 8.43305L7.61364 8.9585ZM1.96483 13.6414C1.67463 13.937 1.67899 14.4118 1.97456 14.702C2.27013 14.9922 2.74498 14.9878 3.03517 14.6923L1.96483 13.6414ZM13.4091 5.0835C12.9949 5.0835 12.6591 5.41928 12.6591 5.8335C12.6591 6.24771 12.9949 6.5835 13.4091 6.5835V5.0835ZM16.75 10.0002C16.75 10.4144 17.0858 10.7502 17.5 10.7502C17.9142 10.7502 18.25 10.4144 18.25 10.0002H16.75ZM16.9648 5.30805L10.4876 11.9053L11.5579 12.9562L18.0352 6.35894L16.9648 5.30805ZM11.5579 11.9053L8.14881 8.43305L7.07846 9.48394L10.4876 12.9562L11.5579 11.9053ZM7.07846 8.43305L1.96483 13.6414L3.03517 14.6923L8.14881 9.48394L7.07846 8.43305ZM13.4091 6.5835H17.5V5.0835H13.4091V6.5835ZM16.75 5.8335V10.0002H18.25V5.8335H16.75Z"
                fill="var(--color-neutral2__rgw6ez1)"
              />
            </svg>
            <div
              class="reset_base__1klryar0"
            >
              Popular tokens
            </div>
          </div>
          <div
            class="reset_base__1klryar0 sprinkles_display_flex_sm__rgw6ez45j sprinkles_flexDirection_column_sm__rgw6ez47v sprinkles_gap_4_sm__rgw6ez3tj"
          >
            <div
              class="reset_base__1klryar0 sprinkles_display_flex_sm__rgw6ez45j sprinkles_flexDirection_row_sm__rgw6ez47p sprinkles_alignItems_center_sm__rgw6ez41 SearchBar_suggestionRow__1fbf9szg SearchBar__1fbf9szf sprinkles_paddingLeft_16_sm__rgw6ez2ev sprinkles_paddingRight_16_sm__rgw6ez2kd sprinkles_paddingTop_8_sm__rgw6ez2p7 sprinkles_paddingBottom_8_sm__rgw6ez28p sprinkles_display_flex_sm__rgw6ez45j sprinkles_flexDirection_row_sm__rgw6ez47p sprinkles_alignItems_center_sm__rgw6ez41 sprinkles_justifyContent_space-between_sm__rgw6ez497 sprinkles_cursor_pointer_default__rgw6ez805"
            >
              <div
                class="reset_base__1klryar0 sprinkles_display_flex_sm__rgw6ez45j sprinkles_flexDirection_row_sm__rgw6ez47p sprinkles_alignItems_center_sm__rgw6ez41 sprinkles_width_full_sm__rgw6ez17j"
              >
                <div
                  class="reset_base__1klryar0 SearchBar_imageHolder__1fbf9szq SearchBar__1fbf9szh sprinkles_width_36_sm__rgw6ez13v sprinkles_height_36_sm__rgw6ez1av sprinkles_borderRadius_round_default__rgw6ez82p sprinkles_marginRight_8_sm__rgw6ezrp SearchBar__1fbf9szp sprinkles_background_surface2_default__rgw6ez4rd sprinkles_flexShrink_0_sm__rgw6ez3yj"
                />
                <div
                  class="reset_base__1klryar0 sprinkles_display_flex_sm__rgw6ez45j sprinkles_flexDirection_column_sm__rgw6ez47v sprinkles_gap_4_sm__rgw6ez3tj sprinkles_width_full_sm__rgw6ez17j"
                >
                  <div
                    class="reset_base__1klryar0 sprinkles_display_flex_sm__rgw6ez45j sprinkles_flexDirection_row_sm__rgw6ez47p sprinkles_alignItems_center_sm__rgw6ez41 sprinkles_justifyContent_space-between_sm__rgw6ez497"
                  >
                    <div
                      class="reset_base__1klryar0 sprinkles_borderRadius_round_default__rgw6ez82p sprinkles_height_20_sm__rgw6ez1a1 sprinkles_background_surface2_default__rgw6ez4rd"
                      style="width: 180px;"
                    />
                    <div
                      class="reset_base__1klryar0 sprinkles_borderRadius_round_default__rgw6ez82p sprinkles_height_20_sm__rgw6ez1a1 sprinkles_width_48_sm__rgw6ez14j sprinkles_background_surface2_default__rgw6ez4rd"
                    />
                  </div>
                  <div
                    class="reset_base__1klryar0 sprinkles_display_flex_sm__rgw6ez45j sprinkles_flexDirection_row_sm__rgw6ez47p sprinkles_alignItems_center_sm__rgw6ez41 sprinkles_justifyContent_space-between_sm__rgw6ez497"
                  >
                    <div
                      class="reset_base__1klryar0 sprinkles_borderRadius_round_default__rgw6ez82p sprinkles_height_16_sm__rgw6ez19p sprinkles_width_120_sm__rgw6ez167 sprinkles_background_surface2_default__rgw6ez4rd"
                    />
                    <div
                      class="reset_base__1klryar0 sprinkles_borderRadius_round_default__rgw6ez82p sprinkles_height_16_sm__rgw6ez19p sprinkles_width_48_sm__rgw6ez14j sprinkles_background_surface2_default__rgw6ez4rd"
                    />
                  </div>
                </div>
              </div>
            </div>
            <div
              class="reset_base__1klryar0 sprinkles_display_flex_sm__rgw6ez45j sprinkles_flexDirection_row_sm__rgw6ez47p sprinkles_alignItems_center_sm__rgw6ez41 SearchBar_suggestionRow__1fbf9szg SearchBar__1fbf9szf sprinkles_paddingLeft_16_sm__rgw6ez2ev sprinkles_paddingRight_16_sm__rgw6ez2kd sprinkles_paddingTop_8_sm__rgw6ez2p7 sprinkles_paddingBottom_8_sm__rgw6ez28p sprinkles_display_flex_sm__rgw6ez45j sprinkles_flexDirection_row_sm__rgw6ez47p sprinkles_alignItems_center_sm__rgw6ez41 sprinkles_justifyContent_space-between_sm__rgw6ez497 sprinkles_cursor_pointer_default__rgw6ez805"
            >
              <div
                class="reset_base__1klryar0 sprinkles_display_flex_sm__rgw6ez45j sprinkles_flexDirection_row_sm__rgw6ez47p sprinkles_alignItems_center_sm__rgw6ez41 sprinkles_width_full_sm__rgw6ez17j"
              >
                <div
                  class="reset_base__1klryar0 SearchBar_imageHolder__1fbf9szq SearchBar__1fbf9szh sprinkles_width_36_sm__rgw6ez13v sprinkles_height_36_sm__rgw6ez1av sprinkles_borderRadius_round_default__rgw6ez82p sprinkles_marginRight_8_sm__rgw6ezrp SearchBar__1fbf9szp sprinkles_background_surface2_default__rgw6ez4rd sprinkles_flexShrink_0_sm__rgw6ez3yj"
                />
                <div
                  class="reset_base__1klryar0 sprinkles_display_flex_sm__rgw6ez45j sprinkles_flexDirection_column_sm__rgw6ez47v sprinkles_gap_4_sm__rgw6ez3tj sprinkles_width_full_sm__rgw6ez17j"
                >
                  <div
                    class="reset_base__1klryar0 sprinkles_display_flex_sm__rgw6ez45j sprinkles_flexDirection_row_sm__rgw6ez47p sprinkles_alignItems_center_sm__rgw6ez41 sprinkles_justifyContent_space-between_sm__rgw6ez497"
                  >
                    <div
                      class="reset_base__1klryar0 sprinkles_borderRadius_round_default__rgw6ez82p sprinkles_height_20_sm__rgw6ez1a1 sprinkles_background_surface2_default__rgw6ez4rd"
                      style="width: 180px;"
                    />
                    <div
                      class="reset_base__1klryar0 sprinkles_borderRadius_round_default__rgw6ez82p sprinkles_height_20_sm__rgw6ez1a1 sprinkles_width_48_sm__rgw6ez14j sprinkles_background_surface2_default__rgw6ez4rd"
                    />
                  </div>
                  <div
                    class="reset_base__1klryar0 sprinkles_display_flex_sm__rgw6ez45j sprinkles_flexDirection_row_sm__rgw6ez47p sprinkles_alignItems_center_sm__rgw6ez41 sprinkles_justifyContent_space-between_sm__rgw6ez497"
                  >
                    <div
                      class="reset_base__1klryar0 sprinkles_borderRadius_round_default__rgw6ez82p sprinkles_height_16_sm__rgw6ez19p sprinkles_width_120_sm__rgw6ez167 sprinkles_background_surface2_default__rgw6ez4rd"
                    />
                    <div
                      class="reset_base__1klryar0 sprinkles_borderRadius_round_default__rgw6ez82p sprinkles_height_16_sm__rgw6ez19p sprinkles_width_48_sm__rgw6ez14j sprinkles_background_surface2_default__rgw6ez4rd"
                    />
                  </div>
                </div>
              </div>
            </div>
          </div>
        </div>
        <div
          class="reset_base__1klryar0 sprinkles_display_flex_sm__rgw6ez45j sprinkles_flexDirection_column_sm__rgw6ez47v sprinkles_gap_4_sm__rgw6ez3tj"
          data-cy="searchbar-dropdown"
        >
          <div
            class="reset_base__1klryar0 sprinkles_paddingLeft_16_sm__rgw6ez2ev sprinkles_paddingRight_16_sm__rgw6ez2kd sprinkles_paddingTop_4_sm__rgw6ez2ov sprinkles_paddingBottom_4_sm__rgw6ez28d sprinkles_display_flex_sm__rgw6ez45j sprinkles_flexDirection_row_sm__rgw6ez47p sprinkles_alignItems_center_sm__rgw6ez41 sprinkles_gap_8_sm__rgw6ez3tv sprinkles_color_neutral2_default__rgw6ez4c7 common__127l8hd4 sprinkles_fontWeight_book_sm__rgw6ezdd sprinkles_fontSize_14_sm__rgw6ezbd sprinkles_lineHeight_14_sm__rgw6ezej"
            style="line-height: 20px;"
          >
            <svg
              fill="none"
              height="20"
              viewBox="0 0 20 20"
              width="20"
              xmlns="http://www.w3.org/2000/svg"
            >
              <path
                d="M17.5 5.8335H18.25C18.25 5.41928 17.9142 5.0835 17.5 5.0835V5.8335ZM11.0227 12.4307L10.4876 12.9562C10.6286 13.0998 10.8214 13.1807 11.0227 13.1807C11.224 13.1807 11.4169 13.0998 11.5579 12.9562L11.0227 12.4307ZM7.61364 8.9585L8.14881 8.43305C8.00778 8.28941 7.81493 8.2085 7.61364 8.2085C7.41234 8.2085 7.21949 8.28941 7.07846 8.43305L7.61364 8.9585ZM1.96483 13.6414C1.67463 13.937 1.67899 14.4118 1.97456 14.702C2.27013 14.9922 2.74498 14.9878 3.03517 14.6923L1.96483 13.6414ZM13.4091 5.0835C12.9949 5.0835 12.6591 5.41928 12.6591 5.8335C12.6591 6.24771 12.9949 6.5835 13.4091 6.5835V5.0835ZM16.75 10.0002C16.75 10.4144 17.0858 10.7502 17.5 10.7502C17.9142 10.7502 18.25 10.4144 18.25 10.0002H16.75ZM16.9648 5.30805L10.4876 11.9053L11.5579 12.9562L18.0352 6.35894L16.9648 5.30805ZM11.5579 11.9053L8.14881 8.43305L7.07846 9.48394L10.4876 12.9562L11.5579 11.9053ZM7.07846 8.43305L1.96483 13.6414L3.03517 14.6923L8.14881 9.48394L7.07846 8.43305ZM13.4091 6.5835H17.5V5.0835H13.4091V6.5835ZM16.75 5.8335V10.0002H18.25V5.8335H16.75Z"
                fill="var(--color-neutral2__rgw6ez1)"
              />
            </svg>
            <div
              class="reset_base__1klryar0"
            >
              Popular NFT collections
            </div>
          </div>
          <div
            class="reset_base__1klryar0 sprinkles_display_flex_sm__rgw6ez45j sprinkles_flexDirection_column_sm__rgw6ez47v sprinkles_gap_4_sm__rgw6ez3tj"
          >
            <div
              class="reset_base__1klryar0 sprinkles_display_flex_sm__rgw6ez45j sprinkles_flexDirection_row_sm__rgw6ez47p sprinkles_alignItems_center_sm__rgw6ez41 SearchBar_suggestionRow__1fbf9szg SearchBar__1fbf9szf sprinkles_paddingLeft_16_sm__rgw6ez2ev sprinkles_paddingRight_16_sm__rgw6ez2kd sprinkles_paddingTop_8_sm__rgw6ez2p7 sprinkles_paddingBottom_8_sm__rgw6ez28p sprinkles_display_flex_sm__rgw6ez45j sprinkles_flexDirection_row_sm__rgw6ez47p sprinkles_alignItems_center_sm__rgw6ez41 sprinkles_justifyContent_space-between_sm__rgw6ez497 sprinkles_cursor_pointer_default__rgw6ez805"
            >
              <div
                class="reset_base__1klryar0 sprinkles_display_flex_sm__rgw6ez45j sprinkles_flexDirection_row_sm__rgw6ez47p sprinkles_alignItems_center_sm__rgw6ez41 sprinkles_width_full_sm__rgw6ez17j"
              >
                <div
                  class="reset_base__1klryar0 SearchBar_imageHolder__1fbf9szq SearchBar__1fbf9szh sprinkles_width_36_sm__rgw6ez13v sprinkles_height_36_sm__rgw6ez1av sprinkles_borderRadius_round_default__rgw6ez82p sprinkles_marginRight_8_sm__rgw6ezrp SearchBar__1fbf9szp sprinkles_background_surface2_default__rgw6ez4rd sprinkles_flexShrink_0_sm__rgw6ez3yj"
                />
                <div
                  class="reset_base__1klryar0 sprinkles_display_flex_sm__rgw6ez45j sprinkles_flexDirection_column_sm__rgw6ez47v sprinkles_gap_4_sm__rgw6ez3tj sprinkles_width_full_sm__rgw6ez17j"
                >
                  <div
                    class="reset_base__1klryar0 sprinkles_display_flex_sm__rgw6ez45j sprinkles_flexDirection_row_sm__rgw6ez47p sprinkles_alignItems_center_sm__rgw6ez41 sprinkles_justifyContent_space-between_sm__rgw6ez497"
                  >
                    <div
                      class="reset_base__1klryar0 sprinkles_borderRadius_round_default__rgw6ez82p sprinkles_height_20_sm__rgw6ez1a1 sprinkles_background_surface2_default__rgw6ez4rd"
                      style="width: 180px;"
                    />
                    <div
                      class="reset_base__1klryar0 sprinkles_borderRadius_round_default__rgw6ez82p sprinkles_height_20_sm__rgw6ez1a1 sprinkles_width_48_sm__rgw6ez14j sprinkles_background_surface2_default__rgw6ez4rd"
                    />
                  </div>
                  <div
                    class="reset_base__1klryar0 sprinkles_display_flex_sm__rgw6ez45j sprinkles_flexDirection_row_sm__rgw6ez47p sprinkles_alignItems_center_sm__rgw6ez41 sprinkles_justifyContent_space-between_sm__rgw6ez497"
                  >
                    <div
                      class="reset_base__1klryar0 sprinkles_borderRadius_round_default__rgw6ez82p sprinkles_height_16_sm__rgw6ez19p sprinkles_width_120_sm__rgw6ez167 sprinkles_background_surface2_default__rgw6ez4rd"
                    />
                    <div
                      class="reset_base__1klryar0 sprinkles_borderRadius_round_default__rgw6ez82p sprinkles_height_16_sm__rgw6ez19p sprinkles_width_48_sm__rgw6ez14j sprinkles_background_surface2_default__rgw6ez4rd"
                    />
                  </div>
                </div>
              </div>
            </div>
            <div
              class="reset_base__1klryar0 sprinkles_display_flex_sm__rgw6ez45j sprinkles_flexDirection_row_sm__rgw6ez47p sprinkles_alignItems_center_sm__rgw6ez41 SearchBar_suggestionRow__1fbf9szg SearchBar__1fbf9szf sprinkles_paddingLeft_16_sm__rgw6ez2ev sprinkles_paddingRight_16_sm__rgw6ez2kd sprinkles_paddingTop_8_sm__rgw6ez2p7 sprinkles_paddingBottom_8_sm__rgw6ez28p sprinkles_display_flex_sm__rgw6ez45j sprinkles_flexDirection_row_sm__rgw6ez47p sprinkles_alignItems_center_sm__rgw6ez41 sprinkles_justifyContent_space-between_sm__rgw6ez497 sprinkles_cursor_pointer_default__rgw6ez805"
            >
              <div
                class="reset_base__1klryar0 sprinkles_display_flex_sm__rgw6ez45j sprinkles_flexDirection_row_sm__rgw6ez47p sprinkles_alignItems_center_sm__rgw6ez41 sprinkles_width_full_sm__rgw6ez17j"
              >
                <div
                  class="reset_base__1klryar0 SearchBar_imageHolder__1fbf9szq SearchBar__1fbf9szh sprinkles_width_36_sm__rgw6ez13v sprinkles_height_36_sm__rgw6ez1av sprinkles_borderRadius_round_default__rgw6ez82p sprinkles_marginRight_8_sm__rgw6ezrp SearchBar__1fbf9szp sprinkles_background_surface2_default__rgw6ez4rd sprinkles_flexShrink_0_sm__rgw6ez3yj"
                />
                <div
                  class="reset_base__1klryar0 sprinkles_display_flex_sm__rgw6ez45j sprinkles_flexDirection_column_sm__rgw6ez47v sprinkles_gap_4_sm__rgw6ez3tj sprinkles_width_full_sm__rgw6ez17j"
                >
                  <div
                    class="reset_base__1klryar0 sprinkles_display_flex_sm__rgw6ez45j sprinkles_flexDirection_row_sm__rgw6ez47p sprinkles_alignItems_center_sm__rgw6ez41 sprinkles_justifyContent_space-between_sm__rgw6ez497"
                  >
                    <div
                      class="reset_base__1klryar0 sprinkles_borderRadius_round_default__rgw6ez82p sprinkles_height_20_sm__rgw6ez1a1 sprinkles_background_surface2_default__rgw6ez4rd"
                      style="width: 180px;"
                    />
                    <div
                      class="reset_base__1klryar0 sprinkles_borderRadius_round_default__rgw6ez82p sprinkles_height_20_sm__rgw6ez1a1 sprinkles_width_48_sm__rgw6ez14j sprinkles_background_surface2_default__rgw6ez4rd"
                    />
                  </div>
                  <div
                    class="reset_base__1klryar0 sprinkles_display_flex_sm__rgw6ez45j sprinkles_flexDirection_row_sm__rgw6ez47p sprinkles_alignItems_center_sm__rgw6ez41 sprinkles_justifyContent_space-between_sm__rgw6ez497"
                  >
                    <div
                      class="reset_base__1klryar0 sprinkles_borderRadius_round_default__rgw6ez82p sprinkles_height_16_sm__rgw6ez19p sprinkles_width_120_sm__rgw6ez167 sprinkles_background_surface2_default__rgw6ez4rd"
                    />
                    <div
                      class="reset_base__1klryar0 sprinkles_borderRadius_round_default__rgw6ez82p sprinkles_height_16_sm__rgw6ez19p sprinkles_width_48_sm__rgw6ez14j sprinkles_background_surface2_default__rgw6ez4rd"
                    />
                  </div>
                </div>
              </div>
            </div>
          </div>
        </div>
      </div>
    </div>
  </div>
</div>
`;
