// Jest Snapshot v1, https://goo.gl/fbAQLP

exports[`disable nft on searchbar should render text with nfts 1`] = `
.c0 {
  background-color: #22222212;
  color: #7D7D7D;
  padding: 0px 8px;
  width: 20px;
  height: 20px;
  border-radius: 4px;
  font-size: 12px;
  font-weight: 535;
  line-height: 16px;
  display: -webkit-box;
  display: -webkit-flex;
  display: -ms-flexbox;
  display: flex;
  -webkit-align-items: center;
  -webkit-box-align: center;
  -ms-flex-align: center;
  align-items: center;
  opacity: 0.6;
  -webkit-backdrop-filter: blur(60px);
  backdrop-filter: blur(60px);
}

<div>
  <div
    class="reset_base__1klryar0 sprinkles_display_flex_sm__rgw6ez45j sprinkles_flexDirection_column_sm__rgw6ez47v sprinkles_position_relative_sm__rgw6ez49p sprinkles_width_auto_sm__rgw6ez18j sprinkles_width_auto_md__rgw6ez18k SearchBar_searchBarContainerNft__1fbf9sz4 SearchBar__1fbf9sz3 sprinkles_right_0_sm__rgw6ez3ad sprinkles_top_0_sm__rgw6ez3fv sprinkles_zIndex_3_sm__rgw6ez3r7 sprinkles_display_flex_sm__rgw6ez45j sprinkles_maxHeight_searchResultsMaxHeight_sm__rgw6ez201 sprinkles_overflow_hidden_default__rgw6ez8c9 searchBarContainerDisableBlur"
    data-cy="search-bar"
  >
    <div
      class="reset_base__1klryar0 sprinkles_display_flex_sm__rgw6ez45j sprinkles_flexDirection_row_sm__rgw6ez47p sprinkles_alignItems_center_sm__rgw6ez41 sprinkles_borderRadius_12_default__rgw6ez81p sprinkles_borderBottomWidth_1px_default__rgw6ez8ap sprinkles_backgroundColor_surface2_default__rgw6ez6sp sprinkles_gap_12_sm__rgw6ez3u7 SearchBar_nftSearchBar__1fbf9sz9 SearchBar_baseSearchNftStyle__1fbf9sz2 SearchBar_baseSearchStyle__1fbf9sz1 SearchBar__1fbf9sz0 sprinkles_paddingTop_12_sm__rgw6ez2pj sprinkles_paddingBottom_12_sm__rgw6ez291 sprinkles_width_viewWidth_sm__rgw6ez18d sprinkles_borderStyle_solid_default__rgw6ez80h sprinkles_borderWidth_1px_default__rgw6ez89x sprinkles_borderColor_surface3_default__rgw6ez567 SearchBar__1fbf9sz8 sprinkles_paddingLeft_16_sm__rgw6ez2ev sprinkles_paddingRight_16_sm__rgw6ez2kd sprinkles_color_neutral2_default__rgw6ez4c7 common_magicalGradientOnHover__127l8hdb common_magicalGradient__127l8hda"
    >
      <div
        class="reset_base__1klryar0 SearchBar_searchContentLeftAlign__1fbf9sz10"
      >
        <div
          class="reset_base__1klryar0 sprinkles_display_none_sm__rgw6ez457 sprinkles_display_flex_md__rgw6ez45k"
        >
          <svg
            height="20px"
            width="20px"
          >
            search.svg
          </svg>
        </div>
        <div
          class="reset_base__1klryar0 sprinkles_display_flex_sm__rgw6ez45j sprinkles_display_none_md__rgw6ez458 sprinkles_color_neutral3_default__rgw6ez4cd"
        >
          <svg
            fill="none"
            height="16"
            viewBox="0 0 8 16"
            width="8"
            xmlns="http://www.w3.org/2000/svg"
          >
            <path
              d="M7 1L1 7L7 13"
              stroke="currentColor"
              stroke-linecap="round"
              stroke-linejoin="round"
              stroke-width="2"
            />
          </svg>
        </div>
      </div>
      <input
        class="reset_base__1klryar0 reset_input__1klryar8 reset_field__1klryar5 reset_appearance__1klryar4 sprinkles_width_full_sm__rgw6ez17j SearchBar_searchBarInput__1fbf9szb SearchBar__1fbf9sza sprinkles_padding_0_sm__rgw6ez2tv sprinkles_fontSize_16_sm__rgw6ezbj sprinkles_fontWeight_book_sm__rgw6ezdd sprinkles_color_neutral1_default__rgw6ez4c1 sprinkles_color_neutral2_placeholder__rgw6ez4cc sprinkles_border_none_default__rgw6ez895 sprinkles_background_none_default__rgw6ez4vp sprinkles_lineHeight_24_sm__rgw6ezf1 sprinkles_height_full_sm__rgw6ez1ej SearchBar_searchContentLeftAlign__1fbf9sz10"
        data-cy="search-bar-input"
        placeholder="Search tokens and NFT collections"
        value=""
      />
      <div
        class="c0"
      >
        /
      </div>
    </div>
    <div
      class="reset_base__1klryar0 sprinkles_display_flex_sm__rgw6ez45j sprinkles_flexDirection_column_sm__rgw6ez47v sprinkles_overflow_hidden_default__rgw6ez8c9 SearchBar_hidden__1fbf9szx SearchBar__1fbf9szw sprinkles_visibility_hidden_sm__rgw6ez47j sprinkles_opacity_0_sm__rgw6ez4b1 sprinkles_padding_0_sm__rgw6ez2tv sprinkles_height_0_sm__rgw6ez18v"
    />
  </div>
</div>
`;

exports[`disable nft on searchbar should render text without nfts 1`] = `
.c0 {
  background-color: #22222212;
  color: #7D7D7D;
  padding: 0px 8px;
  width: 20px;
  height: 20px;
  border-radius: 4px;
  font-size: 12px;
  font-weight: 535;
  line-height: 16px;
  display: -webkit-box;
  display: -webkit-flex;
  display: -ms-flexbox;
  display: flex;
  -webkit-align-items: center;
  -webkit-box-align: center;
  -ms-flex-align: center;
  align-items: center;
  opacity: 0.6;
  -webkit-backdrop-filter: blur(60px);
  backdrop-filter: blur(60px);
}

<div>
  <div
    class="reset_base__1klryar0 sprinkles_display_flex_sm__rgw6ez45j sprinkles_flexDirection_column_sm__rgw6ez47v sprinkles_position_relative_sm__rgw6ez49p sprinkles_width_auto_sm__rgw6ez18j sprinkles_width_auto_md__rgw6ez18k SearchBar_searchBarContainerNft__1fbf9sz4 SearchBar__1fbf9sz3 sprinkles_right_0_sm__rgw6ez3ad sprinkles_top_0_sm__rgw6ez3fv sprinkles_zIndex_3_sm__rgw6ez3r7 sprinkles_display_flex_sm__rgw6ez45j sprinkles_maxHeight_searchResultsMaxHeight_sm__rgw6ez201 sprinkles_overflow_hidden_default__rgw6ez8c9 searchBarContainerDisableBlur"
    data-cy="search-bar"
  >
    <div
      class="reset_base__1klryar0 sprinkles_display_flex_sm__rgw6ez45j sprinkles_flexDirection_row_sm__rgw6ez47p sprinkles_alignItems_center_sm__rgw6ez41 sprinkles_borderRadius_12_default__rgw6ez81p sprinkles_borderBottomWidth_1px_default__rgw6ez8ap sprinkles_backgroundColor_surface2_default__rgw6ez6sp sprinkles_gap_12_sm__rgw6ez3u7 SearchBar_nftSearchBar__1fbf9sz9 SearchBar_baseSearchNftStyle__1fbf9sz2 SearchBar_baseSearchStyle__1fbf9sz1 SearchBar__1fbf9sz0 sprinkles_paddingTop_12_sm__rgw6ez2pj sprinkles_paddingBottom_12_sm__rgw6ez291 sprinkles_width_viewWidth_sm__rgw6ez18d sprinkles_borderStyle_solid_default__rgw6ez80h sprinkles_borderWidth_1px_default__rgw6ez89x sprinkles_borderColor_surface3_default__rgw6ez567 SearchBar__1fbf9sz8 sprinkles_paddingLeft_16_sm__rgw6ez2ev sprinkles_paddingRight_16_sm__rgw6ez2kd sprinkles_color_neutral2_default__rgw6ez4c7 common_magicalGradientOnHover__127l8hdb common_magicalGradient__127l8hda"
    >
      <div
        class="reset_base__1klryar0 SearchBar_searchContentLeftAlign__1fbf9sz10"
      >
        <div
          class="reset_base__1klryar0 sprinkles_display_none_sm__rgw6ez457 sprinkles_display_flex_md__rgw6ez45k"
        >
          <svg
            height="20px"
            width="20px"
          >
            search.svg
          </svg>
        </div>
        <div
          class="reset_base__1klryar0 sprinkles_display_flex_sm__rgw6ez45j sprinkles_display_none_md__rgw6ez458 sprinkles_color_neutral3_default__rgw6ez4cd"
        >
          <svg
            fill="none"
            height="16"
            viewBox="0 0 8 16"
            width="8"
            xmlns="http://www.w3.org/2000/svg"
          >
            <path
              d="M7 1L1 7L7 13"
              stroke="currentColor"
              stroke-linecap="round"
              stroke-linejoin="round"
              stroke-width="2"
            />
          </svg>
        </div>
      </div>
      <input
        class="reset_base__1klryar0 reset_input__1klryar8 reset_field__1klryar5 reset_appearance__1klryar4 sprinkles_width_full_sm__rgw6ez17j SearchBar_searchBarInput__1fbf9szb SearchBar__1fbf9sza sprinkles_padding_0_sm__rgw6ez2tv sprinkles_fontSize_16_sm__rgw6ezbj sprinkles_fontWeight_book_sm__rgw6ezdd sprinkles_color_neutral1_default__rgw6ez4c1 sprinkles_color_neutral2_placeholder__rgw6ez4cc sprinkles_border_none_default__rgw6ez895 sprinkles_background_none_default__rgw6ez4vp sprinkles_lineHeight_24_sm__rgw6ezf1 sprinkles_height_full_sm__rgw6ez1ej SearchBar_searchContentLeftAlign__1fbf9sz10"
        data-cy="search-bar-input"
        placeholder="Search tokens"
        value=""
      />
      <div
        class="c0"
      >
        /
      </div>
    </div>
    <div
      class="reset_base__1klryar0 sprinkles_display_flex_sm__rgw6ez45j sprinkles_flexDirection_column_sm__rgw6ez47v sprinkles_overflow_hidden_default__rgw6ez8c9 SearchBar_hidden__1fbf9szx SearchBar__1fbf9szw sprinkles_visibility_hidden_sm__rgw6ez47j sprinkles_opacity_0_sm__rgw6ez4b1 sprinkles_padding_0_sm__rgw6ez2tv sprinkles_height_0_sm__rgw6ez18v"
    />
  </div>
</div>
`;
